// Jest Snapshot v1, https://goo.gl/fbAQLP

exports[`User expense found in database User expense known to be contained in database got fetched: expense-user-by-user-id-da140a29-ae80-4f0e-a62d-6c2d2bc8a474 1`] = `"[[{\\"id\\":\\"3e920f54-49df-4d0b-b11b-e6f08e3a2dca\\",\\"dateCreated\\":\\"2021-09-21T20:57:40.021Z\\",\\"userId\\":\\"da140a29-ae80-4f0e-a62d-6c2d2bc8a474\\",\\"merchantName\\":\\"Cafe 22\\",\\"currency\\":\\"DKK\\",\\"amount\\":\\"80.00\\"},{\\"id\\":\\"314d54f4-8a5f-4c1d-b735-426b54794a44\\",\\"dateCreated\\":\\"2021-09-20T20:57:40.021Z\\",\\"userId\\":\\"da140a29-ae80-4f0e-a62d-6c2d2bc8a474\\",\\"merchantName\\":\\"Sliders\\",\\"currency\\":\\"DKK\\",\\"amount\\":\\"120.00\\"},{\\"id\\":\\"f20866f9-7d46-45f2-822c-4b568e216a13\\",\\"dateCreated\\":\\"2021-09-19T20:57:40.021Z\\",\\"userId\\":\\"da140a29-ae80-4f0e-a62d-6c2d2bc8a474\\",\\"merchantName\\":\\"Donkey Republic\\",\\"currency\\":\\"DKK\\",\\"amount\\":\\"60.00\\"}],3]"`;
